[backblue.gif]
[fade.gif]
[index.html]
[thelordsway.com/pioneer/index.html]
[www.thelordsway.com/sample/members/admin/scripts/FindTheTop.js]
[www.thelordsway.com/sample/scripts/balloontip.js]
[www.thelordsway.com/p7exp/p7exp.js]
[thelordsway.com/images/search.png]
[thelordsway.com/Pioneer/main.jpg]
[www.thelordsway.com/AppStoreBadge.png]
[www.thelordsway.com/googleplaybadge.png]
[thelordsway.com/pioneer/framedindex.html]
[www.thelordsway.com/site14/images/img01.gif]
[www.thelordsway.com/site14/images/img03.gif]
[www.thelordsway.com/site14/images/img02.gif]
[www.thelordsway.com/site14/images/img11.gif]
[www.thelordsway.com/site14/images/img06.gif]
[www.thelordsway.com/site14/images/img07.gif]
[www.thelordsway.com/site14/images/img12.gif]
[www.thelordsway.com/site14/images/img08.gif]
[www.thelordsway.com/site14/images/img05.gif]
[www.thelordsway.com/site14/images/img10.gif]
[www.thelordsway.com/site14/images/img09.gif]
[www.thelordsway.com/sample/members/admin/scripts/style/alert-overlay.png]
[www.thelordsway.com/site14/default.css]
[www.thelordsway.com/sample/scripts/balloontip.css]
[www.thelordsway.com/p7exp/p7exp.css]
[s7.addthis.com/js/300/addthis_widget.js]
